2026-05-20 13:08:32,163 [INFO] pipeline - =======================================================
2026-05-20 13:08:32,164 [INFO] pipeline -   ETL-Sales Oracle — inicio del pipeline
2026-05-20 13:08:32,164 [INFO] pipeline - =======================================================
2026-05-20 13:08:32,164 [INFO] etl.extractor - Extrayendo datos desde CSV: data/ventas.csv
2026-05-20 13:08:32,165 [ERROR] etl.extractor - Archivo no encontrado: data/ventas.csv
2026-05-20 13:08:32,165 [CRITICAL] pipeline - Pipeline abortado: [Errno 2] No such file or directory: 'data/ventas.csv'
Traceback (most recent call last):
  File "C:\Users\kevin\Desktop\etl_sales_oracle\etl\pipeline.py", line 34, in ejecutar_pipeline
    df_ventas = extraer_csv()
  File "C:\Users\kevin\Desktop\etl_sales_oracle\etl\..\etl\extractor.py", line 18, in extraer_csv
    df = pd.read_csv(CSV_PATH)
  File "C:\Users\kevin\Desktop\etl_sales_oracle\.venv\Lib\site-packages\pandas\io\parsers\readers.py", line 873, in read_csv
    return _read(filepath_or_buffer, kwds)
  File "C:\Users\kevin\Desktop\etl_sales_oracle\.venv\Lib\site-packages\pandas\io\parsers\readers.py", line 300, in _read
    parser = TextFileReader(filepath_or_buffer, **kwds)
  File "C:\Users\kevin\Desktop\etl_sales_oracle\.venv\Lib\site-packages\pandas\io\parsers\readers.py", line 1645, in __init__
    self._engine = self._make_engine(f, self.engine)
                   ~~~~~~~~~~~~~~~~~^^^^^^^^^^^^^^^^
  File "C:\Users\kevin\Desktop\etl_sales_oracle\.venv\Lib\site-packages\pandas\io\parsers\readers.py", line 1904, in _make_engine
    self.handles = get_handle(
                   ~~~~~~~~~~^
        f,
        ^^
    ...<6 lines>...
        storage_options=self.options.get("storage_options", None),
        ^^^^^^^^^^^^^^^^^^^^^^^^^^^^^^^^^^^^^^^^^^^^^^^^^^^^^^^^^^
    )
    ^
  File "C:\Users\kevin\Desktop\etl_sales_oracle\.venv\Lib\site-packages\pandas\io\common.py", line 930, in get_handle
    handle = open(
        handle,
    ...<3 lines>...
        newline="",
    )
FileNotFoundError: [Errno 2] No such file or directory: 'data/ventas.csv'
2026-05-20 13:10:27,798 [INFO] pipeline - =======================================================
2026-05-20 13:10:27,798 [INFO] pipeline -   ETL-Sales Oracle — inicio del pipeline
2026-05-20 13:10:27,798 [INFO] pipeline - =======================================================
2026-05-20 13:10:27,798 [INFO] etl.extractor - Extrayendo datos desde CSV: data/ventas.csv
2026-05-20 13:10:27,799 [ERROR] etl.extractor - Archivo no encontrado: data/ventas.csv
2026-05-20 13:10:27,799 [CRITICAL] pipeline - Pipeline abortado: [Errno 2] No such file or directory: 'data/ventas.csv'
Traceback (most recent call last):
  File "C:\Users\kevin\Desktop\etl_sales_oracle\etl\pipeline.py", line 34, in ejecutar_pipeline
    df_ventas = extraer_csv()
  File "C:\Users\kevin\Desktop\etl_sales_oracle\etl\..\etl\extractor.py", line 18, in extraer_csv
    df = pd.read_csv(CSV_PATH)
  File "C:\Users\kevin\Desktop\etl_sales_oracle\.venv\Lib\site-packages\pandas\io\parsers\readers.py", line 873, in read_csv
    return _read(filepath_or_buffer, kwds)
  File "C:\Users\kevin\Desktop\etl_sales_oracle\.venv\Lib\site-packages\pandas\io\parsers\readers.py", line 300, in _read
    parser = TextFileReader(filepath_or_buffer, **kwds)
  File "C:\Users\kevin\Desktop\etl_sales_oracle\.venv\Lib\site-packages\pandas\io\parsers\readers.py", line 1645, in __init__
    self._engine = self._make_engine(f, self.engine)
                   ~~~~~~~~~~~~~~~~~^^^^^^^^^^^^^^^^
  File "C:\Users\kevin\Desktop\etl_sales_oracle\.venv\Lib\site-packages\pandas\io\parsers\readers.py", line 1904, in _make_engine
    self.handles = get_handle(
                   ~~~~~~~~~~^
        f,
        ^^
    ...<6 lines>...
        storage_options=self.options.get("storage_options", None),
        ^^^^^^^^^^^^^^^^^^^^^^^^^^^^^^^^^^^^^^^^^^^^^^^^^^^^^^^^^^
    )
    ^
  File "C:\Users\kevin\Desktop\etl_sales_oracle\.venv\Lib\site-packages\pandas\io\common.py", line 930, in get_handle
    handle = open(
        handle,
    ...<3 lines>...
        newline="",
    )
FileNotFoundError: [Errno 2] No such file or directory: 'data/ventas.csv'
2026-05-20 13:10:54,872 [INFO] pipeline - =======================================================
2026-05-20 13:10:54,872 [INFO] pipeline -   ETL-Sales Oracle — inicio del pipeline
2026-05-20 13:10:54,872 [INFO] pipeline - =======================================================
2026-05-20 13:10:54,872 [INFO] etl.extractor - Extrayendo datos desde CSV: data/ventas.csv
2026-05-20 13:10:54,873 [ERROR] etl.extractor - Archivo no encontrado: data/ventas.csv
2026-05-20 13:10:54,873 [CRITICAL] pipeline - Pipeline abortado: [Errno 2] No such file or directory: 'data/ventas.csv'
Traceback (most recent call last):
  File "C:\Users\kevin\Desktop\etl_sales_oracle\etl\pipeline.py", line 34, in ejecutar_pipeline
    df_ventas = extraer_csv()
  File "C:\Users\kevin\Desktop\etl_sales_oracle\etl\..\etl\extractor.py", line 18, in extraer_csv
    df = pd.read_csv(CSV_PATH)
  File "C:\Users\kevin\Desktop\etl_sales_oracle\.venv\Lib\site-packages\pandas\io\parsers\readers.py", line 873, in read_csv
    return _read(filepath_or_buffer, kwds)
  File "C:\Users\kevin\Desktop\etl_sales_oracle\.venv\Lib\site-packages\pandas\io\parsers\readers.py", line 300, in _read
    parser = TextFileReader(filepath_or_buffer, **kwds)
  File "C:\Users\kevin\Desktop\etl_sales_oracle\.venv\Lib\site-packages\pandas\io\parsers\readers.py", line 1645, in __init__
    self._engine = self._make_engine(f, self.engine)
                   ~~~~~~~~~~~~~~~~~^^^^^^^^^^^^^^^^
  File "C:\Users\kevin\Desktop\etl_sales_oracle\.venv\Lib\site-packages\pandas\io\parsers\readers.py", line 1904, in _make_engine
    self.handles = get_handle(
                   ~~~~~~~~~~^
        f,
        ^^
    ...<6 lines>...
        storage_options=self.options.get("storage_options", None),
        ^^^^^^^^^^^^^^^^^^^^^^^^^^^^^^^^^^^^^^^^^^^^^^^^^^^^^^^^^^
    )
    ^
  File "C:\Users\kevin\Desktop\etl_sales_oracle\.venv\Lib\site-packages\pandas\io\common.py", line 930, in get_handle
    handle = open(
        handle,
    ...<3 lines>...
        newline="",
    )
FileNotFoundError: [Errno 2] No such file or directory: 'data/ventas.csv'
2026-05-20 13:11:44,356 [INFO] pipeline - =======================================================
2026-05-20 13:11:44,356 [INFO] pipeline -   ETL-Sales Oracle — inicio del pipeline
2026-05-20 13:11:44,356 [INFO] pipeline - =======================================================
2026-05-20 13:11:44,356 [INFO] etl.extractor - Extrayendo datos desde CSV: data/ventas.csv
2026-05-20 13:11:44,357 [ERROR] etl.extractor - Archivo no encontrado: data/ventas.csv
2026-05-20 13:11:44,357 [CRITICAL] pipeline - Pipeline abortado: [Errno 2] No such file or directory: 'data/ventas.csv'
Traceback (most recent call last):
  File "C:\Users\kevin\Desktop\etl_sales_oracle\etl\pipeline.py", line 34, in ejecutar_pipeline
    df_ventas = extraer_csv()
  File "C:\Users\kevin\Desktop\etl_sales_oracle\etl\..\etl\extractor.py", line 18, in extraer_csv
    df = pd.read_csv(CSV_PATH)
  File "C:\Users\kevin\Desktop\etl_sales_oracle\.venv\Lib\site-packages\pandas\io\parsers\readers.py", line 873, in read_csv
    return _read(filepath_or_buffer, kwds)
  File "C:\Users\kevin\Desktop\etl_sales_oracle\.venv\Lib\site-packages\pandas\io\parsers\readers.py", line 300, in _read
    parser = TextFileReader(filepath_or_buffer, **kwds)
  File "C:\Users\kevin\Desktop\etl_sales_oracle\.venv\Lib\site-packages\pandas\io\parsers\readers.py", line 1645, in __init__
    self._engine = self._make_engine(f, self.engine)
                   ~~~~~~~~~~~~~~~~~^^^^^^^^^^^^^^^^
  File "C:\Users\kevin\Desktop\etl_sales_oracle\.venv\Lib\site-packages\pandas\io\parsers\readers.py", line 1904, in _make_engine
    self.handles = get_handle(
                   ~~~~~~~~~~^
        f,
        ^^
    ...<6 lines>...
        storage_options=self.options.get("storage_options", None),
        ^^^^^^^^^^^^^^^^^^^^^^^^^^^^^^^^^^^^^^^^^^^^^^^^^^^^^^^^^^
    )
    ^
  File "C:\Users\kevin\Desktop\etl_sales_oracle\.venv\Lib\site-packages\pandas\io\common.py", line 930, in get_handle
    handle = open(
        handle,
    ...<3 lines>...
        newline="",
    )
FileNotFoundError: [Errno 2] No such file or directory: 'data/ventas.csv'
2026-05-20 13:12:01,247 [INFO] pipeline - =======================================================
2026-05-20 13:12:01,247 [INFO] pipeline -   ETL-Sales Oracle — inicio del pipeline
2026-05-20 13:12:01,247 [INFO] pipeline - =======================================================
2026-05-20 13:12:01,247 [INFO] etl.extractor - Extrayendo datos desde CSV: data/ventas.csv
2026-05-20 13:12:01,248 [ERROR] etl.extractor - Archivo no encontrado: data/ventas.csv
2026-05-20 13:12:01,248 [CRITICAL] pipeline - Pipeline abortado: [Errno 2] No such file or directory: 'data/ventas.csv'
Traceback (most recent call last):
  File "C:\Users\kevin\Desktop\etl_sales_oracle\etl\pipeline.py", line 34, in ejecutar_pipeline
    df_ventas = extraer_csv()
  File "C:\Users\kevin\Desktop\etl_sales_oracle\etl\..\etl\extractor.py", line 18, in extraer_csv
    df = pd.read_csv(CSV_PATH)
  File "C:\Users\kevin\Desktop\etl_sales_oracle\.venv\Lib\site-packages\pandas\io\parsers\readers.py", line 873, in read_csv
    return _read(filepath_or_buffer, kwds)
  File "C:\Users\kevin\Desktop\etl_sales_oracle\.venv\Lib\site-packages\pandas\io\parsers\readers.py", line 300, in _read
    parser = TextFileReader(filepath_or_buffer, **kwds)
  File "C:\Users\kevin\Desktop\etl_sales_oracle\.venv\Lib\site-packages\pandas\io\parsers\readers.py", line 1645, in __init__
    self._engine = self._make_engine(f, self.engine)
                   ~~~~~~~~~~~~~~~~~^^^^^^^^^^^^^^^^
  File "C:\Users\kevin\Desktop\etl_sales_oracle\.venv\Lib\site-packages\pandas\io\parsers\readers.py", line 1904, in _make_engine
    self.handles = get_handle(
                   ~~~~~~~~~~^
        f,
        ^^
    ...<6 lines>...
        storage_options=self.options.get("storage_options", None),
        ^^^^^^^^^^^^^^^^^^^^^^^^^^^^^^^^^^^^^^^^^^^^^^^^^^^^^^^^^^
    )
    ^
  File "C:\Users\kevin\Desktop\etl_sales_oracle\.venv\Lib\site-packages\pandas\io\common.py", line 930, in get_handle
    handle = open(
        handle,
    ...<3 lines>...
        newline="",
    )
FileNotFoundError: [Errno 2] No such file or directory: 'data/ventas.csv'
2026-05-20 13:13:44,829 [INFO] pipeline - =======================================================
2026-05-20 13:13:44,829 [INFO] pipeline -   ETL-Sales Oracle — inicio del pipeline
2026-05-20 13:13:44,829 [INFO] pipeline - =======================================================
2026-05-20 13:13:44,829 [INFO] etl.extractor - Extrayendo datos desde CSV: data/ventas.csv
2026-05-20 13:13:44,830 [ERROR] etl.extractor - Archivo no encontrado: data/ventas.csv
2026-05-20 13:13:44,830 [CRITICAL] pipeline - Pipeline abortado: [Errno 2] No such file or directory: 'data/ventas.csv'
Traceback (most recent call last):
  File "C:\Users\kevin\Desktop\etl_sales_oracle\etl\pipeline.py", line 34, in ejecutar_pipeline
    df_ventas = extraer_csv()
  File "C:\Users\kevin\Desktop\etl_sales_oracle\etl\..\etl\extractor.py", line 18, in extraer_csv
    df = pd.read_csv(CSV_PATH)
  File "C:\Users\kevin\Desktop\etl_sales_oracle\.venv\Lib\site-packages\pandas\io\parsers\readers.py", line 873, in read_csv
    return _read(filepath_or_buffer, kwds)
  File "C:\Users\kevin\Desktop\etl_sales_oracle\.venv\Lib\site-packages\pandas\io\parsers\readers.py", line 300, in _read
    parser = TextFileReader(filepath_or_buffer, **kwds)
  File "C:\Users\kevin\Desktop\etl_sales_oracle\.venv\Lib\site-packages\pandas\io\parsers\readers.py", line 1645, in __init__
    self._engine = self._make_engine(f, self.engine)
                   ~~~~~~~~~~~~~~~~~^^^^^^^^^^^^^^^^
  File "C:\Users\kevin\Desktop\etl_sales_oracle\.venv\Lib\site-packages\pandas\io\parsers\readers.py", line 1904, in _make_engine
    self.handles = get_handle(
                   ~~~~~~~~~~^
        f,
        ^^
    ...<6 lines>...
        storage_options=self.options.get("storage_options", None),
        ^^^^^^^^^^^^^^^^^^^^^^^^^^^^^^^^^^^^^^^^^^^^^^^^^^^^^^^^^^
    )
    ^
  File "C:\Users\kevin\Desktop\etl_sales_oracle\.venv\Lib\site-packages\pandas\io\common.py", line 930, in get_handle
    handle = open(
        handle,
    ...<3 lines>...
        newline="",
    )
FileNotFoundError: [Errno 2] No such file or directory: 'data/ventas.csv'
2026-05-20 13:14:03,907 [INFO] pipeline - =======================================================
2026-05-20 13:14:03,907 [INFO] pipeline -   ETL-Sales Oracle — inicio del pipeline
2026-05-20 13:14:03,907 [INFO] pipeline - =======================================================
2026-05-20 13:14:03,907 [INFO] etl.extractor - Extrayendo datos desde CSV: data/ventas.csv
2026-05-20 13:14:03,908 [ERROR] etl.extractor - Archivo no encontrado: data/ventas.csv
2026-05-20 13:14:03,908 [CRITICAL] pipeline - Pipeline abortado: [Errno 2] No such file or directory: 'data/ventas.csv'
Traceback (most recent call last):
  File "C:\Users\kevin\Desktop\etl_sales_oracle\etl\pipeline.py", line 34, in ejecutar_pipeline
    df_ventas = extraer_csv()
  File "C:\Users\kevin\Desktop\etl_sales_oracle\etl\..\etl\extractor.py", line 18, in extraer_csv
    df = pd.read_csv(CSV_PATH)
  File "C:\Users\kevin\Desktop\etl_sales_oracle\.venv\Lib\site-packages\pandas\io\parsers\readers.py", line 873, in read_csv
    return _read(filepath_or_buffer, kwds)
  File "C:\Users\kevin\Desktop\etl_sales_oracle\.venv\Lib\site-packages\pandas\io\parsers\readers.py", line 300, in _read
    parser = TextFileReader(filepath_or_buffer, **kwds)
  File "C:\Users\kevin\Desktop\etl_sales_oracle\.venv\Lib\site-packages\pandas\io\parsers\readers.py", line 1645, in __init__
    self._engine = self._make_engine(f, self.engine)
                   ~~~~~~~~~~~~~~~~~^^^^^^^^^^^^^^^^
  File "C:\Users\kevin\Desktop\etl_sales_oracle\.venv\Lib\site-packages\pandas\io\parsers\readers.py", line 1904, in _make_engine
    self.handles = get_handle(
                   ~~~~~~~~~~^
        f,
        ^^
    ...<6 lines>...
        storage_options=self.options.get("storage_options", None),
        ^^^^^^^^^^^^^^^^^^^^^^^^^^^^^^^^^^^^^^^^^^^^^^^^^^^^^^^^^^
    )
    ^
  File "C:\Users\kevin\Desktop\etl_sales_oracle\.venv\Lib\site-packages\pandas\io\common.py", line 930, in get_handle
    handle = open(
        handle,
    ...<3 lines>...
        newline="",
    )
FileNotFoundError: [Errno 2] No such file or directory: 'data/ventas.csv'
